09:46:19 **** Build of configuration Debug for project CMSISv2p00_LPC17xx ****
make -r -j8 all 
Building file: ../src/core_cm3.c
Building file: ../src/system_LPC17xx.c
Invoking: MCU C Compiler
Invoking: MCU C Compiler
arm-none-eabi-gcc -D__REDLIB__ -DDEBUG -D__CODE_RED -I../inc -O0 -Os -g3 -Wall -c -fmessage-length=0 -fno-builtin -ffunction-sections -fdata-sections -fmerge-constants -fmacro-prefix-map="../src/"=. -mcpu=cortex-m3 -mthumb -D__REDLIB__ -fstack-usage -specs=redlib.specs -MMD -MP -MF"src/core_cm3.d" -MT"src/core_cm3.o" -MT"src/core_cm3.d" -o "src/core_cm3.o" "../src/core_cm3.c"
arm-none-eabi-gcc -D__REDLIB__ -DDEBUG -D__CODE_RED -I../inc -O0 -Os -g3 -Wall -c -fmessage-length=0 -fno-builtin -ffunction-sections -fdata-sections -fmerge-constants -fmacro-prefix-map="../src/"=. -mcpu=cortex-m3 -mthumb -D__REDLIB__ -fstack-usage -specs=redlib.specs -MMD -MP -MF"src/system_LPC17xx.d" -MT"src/system_LPC17xx.o" -MT"src/system_LPC17xx.d" -o "src/system_LPC17xx.o" "../src/system_LPC17xx.c"
Finished building: ../src/core_cm3.c
 
Finished building: ../src/system_LPC17xx.c
 
Building target: libCMSISv2p00_LPC17xx.a
Invoking: MCU Archiver
arm-none-eabi-ar -r  "libCMSISv2p00_LPC17xx.a"  ./src/core_cm3.o ./src/system_LPC17xx.o   
arm-none-eabi-ar: creating libCMSISv2p00_LPC17xx.a
Finished building target: libCMSISv2p00_LPC17xx.a
 
make --no-print-directory post-build
Performing post-build steps
arm-none-eabi-size libCMSISv2p00_LPC17xx.a ; # arm-none-eabi-objdump -h -S libCMSISv2p00_LPC17xx.a >libCMSISv2p00_LPC17xx.lss
   text	   data	    bss	    dec	    hex	filename
      0	      0	      0	      0	      0	core_cm3.o (ex libCMSISv2p00_LPC17xx.a)
    400	      4	      0	    404	    194	system_LPC17xx.o (ex libCMSISv2p00_LPC17xx.a)
 
09:46:20 **** Build of configuration Debug for project TPFINAL_ED3 ****
make -r -j8 all 
Building file: ../src/TPFINAL_ED3.c
Building file: ../src/cr_startup_lpc175x_6x.c
Building file: ../src/crp.c
Invoking: MCU C Compiler
arm-none-eabi-gcc -DDEBUG -D__CODE_RED -DCORE_M3 -D__USE_CMSIS=CMSISv2p00_LPC17xx -D__LPC17XX__ -D__REDLIB__ -I"/home/mathrisk/Documents/MCUXpresso_11.4.0_6224/TPFINAL_ED3/CMSISv2p00_LPC17xx/inc" -O0 -fno-common -g3 -Wall -c -fmessage-length=0 -fno-builtin -ffunction-sections -fdata-sections -fmerge-constants -fmacro-prefix-map="../src/"=. -mcpu=cortex-m3 -mthumb -fstack-usage -specs=redlib.specs -MMD -MP -MF"src/TPFINAL_ED3.d" -MT"src/TPFINAL_ED3.o" -MT"src/TPFINAL_ED3.d" -o "src/TPFINAL_ED3.o" "../src/TPFINAL_ED3.c"
Invoking: MCU C Compiler
arm-none-eabi-gcc -DDEBUG -D__CODE_RED -DCORE_M3 -D__USE_CMSIS=CMSISv2p00_LPC17xx -D__LPC17XX__ -D__REDLIB__ -I"/home/mathrisk/Documents/MCUXpresso_11.4.0_6224/TPFINAL_ED3/CMSISv2p00_LPC17xx/inc" -O0 -fno-common -g3 -Wall -c -fmessage-length=0 -fno-builtin -ffunction-sections -fdata-sections -fmerge-constants -fmacro-prefix-map="../src/"=. -mcpu=cortex-m3 -mthumb -fstack-usage -specs=redlib.specs -MMD -MP -MF"src/cr_startup_lpc175x_6x.d" -MT"src/cr_startup_lpc175x_6x.o" -MT"src/cr_startup_lpc175x_6x.d" -o "src/cr_startup_lpc175x_6x.o" "../src/cr_startup_lpc175x_6x.c"
Invoking: MCU C Compiler
../src/TPFINAL_ED3.c:10:10: fatal error: lpc17xx_adc.h: No such file or directory
arm-none-eabi-gcc -DDEBUG -D__CODE_RED -DCORE_M3 -D__USE_CMSIS=CMSISv2p00_LPC17xx -D__LPC17XX__ -D__REDLIB__ -I"/home/mathrisk/Documents/MCUXpresso_11.4.0_6224/TPFINAL_ED3/CMSISv2p00_LPC17xx/inc" -O0 -fno-common -g3 -Wall -c -fmessage-length=0 -fno-builtin -ffunction-sections -fdata-sections -fmerge-constants -fmacro-prefix-map="../src/"=. -mcpu=cortex-m3 -mthumb -fstack-usage -specs=redlib.specs -MMD -MP -MF"src/crp.d" -MT"src/crp.o" -MT"src/crp.d" -o "src/crp.o" "../src/crp.c"
   10 | #include "lpc17xx_adc.h"
Finished building: ../src/crp.c
      |          ^~~~~~~~~~~~~~~
 
compilation terminated.
make: *** [src/subdir.mk:27: src/TPFINAL_ED3.o] Error 1
Finished building: ../src/cr_startup_lpc175x_6x.c
make: *** Waiting for unfinished jobs....
 
"make -r -j8 all" terminated with exit code 2. Build might be incomplete.
